.next/dev/types/validator.ts(315,31): error TS2344: Type 'typeof import("D:/Personal/Projects/campus-delivery-app/app/api/vending-machines/[machineId]/items/[itemId]/route")' does not satisfy the constraint 'RouteHandlerConfig<"/api/vending-machines/[machineId]/items/[itemId]">'.
  Types of property 'PATCH' are incompatible.
    Type '(request: NextRequest, { params }: { params: { machineId: string; itemId: string; }; }) => Promise<NextResponse<any>>' is not assignable to type '(request: NextRequest, context: { params: Promise<{ machineId: string; itemId: string; }>; }) => void | Response | Promise<void | Response>'.
      Types of parameters '__1' and 'context' are incompatible.
        Type '{ params: Promise<{ machineId: string; itemId: string; }>; }' is not assignable to type '{ params: { machineId: string; itemId: string; }; }'.
          Types of property 'params' are incompatible.
            Type 'Promise<{ machineId: string; itemId: string; }>' is missing the following properties from type '{ machineId: string; itemId: string; }': machineId, itemId
.next/types/validator.ts(315,31): error TS2344: Type 'typeof import("D:/Personal/Projects/campus-delivery-app/app/api/vending-machines/[machineId]/items/[itemId]/route")' does not satisfy the constraint 'RouteHandlerConfig<"/api/vending-machines/[machineId]/items/[itemId]">'.
  Types of property 'PATCH' are incompatible.
    Type '(request: NextRequest, { params }: { params: { machineId: string; itemId: string; }; }) => Promise<NextResponse<any>>' is not assignable to type '(request: NextRequest, context: { params: Promise<{ machineId: string; itemId: string; }>; }) => void | Response | Promise<void | Response>'.
      Types of parameters '__1' and 'context' are incompatible.
        Type '{ params: Promise<{ machineId: string; itemId: string; }>; }' is not assignable to type '{ params: { machineId: string; itemId: string; }; }'.
          Types of property 'params' are incompatible.
            Type 'Promise<{ machineId: string; itemId: string; }>' is missing the following properties from type '{ machineId: string; itemId: string; }': machineId, itemId
app/middleware/auth.ts(4,38): error TS7006: Parameter 'request' implicitly has an 'any' type.
app/utils/jwt.ts(1,17): error TS7016: Could not find a declaration file for module 'jsonwebtoken'. 'D:/Personal/Projects/campus-delivery-app/node_modules/jsonwebtoken/index.js' implicitly has an 'any' type.
  Try `npm i --save-dev @types/jsonwebtoken` if it exists or add a new declaration (.d.ts) file containing `declare module 'jsonwebtoken';`
